{"level":"error","message":"500 - Unexpected field - /appweb/ocr/procesar-pdf - POST - ::1","timestamp":"2024-09-25T15:53:37.936Z"}
{"level":"error","message":"500 - Unexpected field - /appweb/pdf/cargar - POST - ::1","timestamp":"2024-09-25T16:06:58.643Z"}
{"level":"error","message":"500 - Unexpected field - /appweb/pdf - POST - ::1","timestamp":"2024-10-09T14:05:02.376Z"}
{"level":"error","message":"500 - Unexpected field - /appweb/pdf - POST - ::1","timestamp":"2024-10-09T14:05:11.514Z"}
{"level":"error","message":"500 - Unexpected field - /appweb/pdf - POST - ::ffff:127.0.0.1","timestamp":"2024-10-09T14:10:39.629Z"}
{"level":"error","message":"500 - Unexpected field - /appweb/pdf - POST - ::1","timestamp":"2024-10-09T14:15:35.662Z"}
{"level":"error","message":"500 - Unexpected field - /appweb/pdf - POST - ::1","timestamp":"2024-10-09T14:15:43.901Z"}
{"level":"error","message":"500 - Unexpected field - /appweb/pdf - POST - ::1","timestamp":"2024-10-09T14:15:51.462Z"}
{"level":"error","message":"500 - Unexpected field - /appweb/pdf - POST - ::1","timestamp":"2024-10-09T14:18:37.234Z"}
{"level":"error","message":"400 - Unexpected token ' ', ...\"ividades\": \"Cultura\"\"... is not valid JSON - /appweb/grupo/procesar-edades/ - GET - ::1","timestamp":"2024-11-12T04:41:06.425Z"}
{"level":"error","message":"400 - Unexpected token ' ', ...\"ividades\": \"Cultura\"\"... is not valid JSON - /appweb/grupo/procesar-edades/ - GET - ::1","timestamp":"2024-11-12T04:41:26.302Z"}
{"level":"error","message":"400 - Unexpected token ' ', ...\"ividades\": \"Cultura\"\"... is not valid JSON - /appweb/grupo/procesar-edades/ - GET - ::1","timestamp":"2024-11-12T04:41:35.280Z"}
{"level":"error","message":"400 - Unexpected token ' ', ...\"ividades\": \"Cultura\"\"... is not valid JSON - /appweb/grupo/procesar-edades/ - GET - ::1","timestamp":"2024-11-12T05:35:27.401Z"}
{"level":"error","message":"400 - Unexpected token ' ', ...\"ividades\": \"Cultura\"\"... is not valid JSON - /appweb/grupo/procesar-edades/ - POST - ::1","timestamp":"2024-11-12T05:35:32.176Z"}
{"level":"error","message":"400 - Unexpected token ' ', ...\"   \"tipo\": \"Cultura\"\"... is not valid JSON - /appweb/grupo/procesar-edades/ - POST - ::1","timestamp":"2024-11-12T05:36:09.497Z"}
{"level":"error","message":"400 - Unexpected token ' ', ...\"ividades\": \"Cultura\"\"... is not valid JSON - /appweb/grupo/procesar-edades/ - POST - ::1","timestamp":"2024-11-12T05:48:14.655Z"}
{"level":"error","message":"400 - Unexpected token ' ', ...\"ividades\": \"Cultura\"\"... is not valid JSON - /appweb/grupo/procesar-edades/ - POST - ::1","timestamp":"2024-11-12T05:48:53.175Z"}
{"level":"error","message":"400 - Unexpected token ' ', ...\"ividades\": \"Cultura\"\"... is not valid JSON - /appweb/grupo/procesar-edades/ - POST - ::1","timestamp":"2024-11-12T05:49:23.117Z"}
{"level":"error","message":"400 - Unexpected token ' ', ...\"ividades\": \"Cultura\"\"... is not valid JSON - /appweb/grupo/procesar-edades/ - POST - ::1","timestamp":"2024-11-12T05:51:19.228Z"}
{"level":"error","message":"400 - Unexpected token ' ', ...\"ividades\": \"Cultura\"\"... is not valid JSON - /appweb/grupo/procesar-edades/ - POST - ::1","timestamp":"2024-11-12T05:51:43.157Z"}
